Component: ARM Compiler 5.06 update 7 (build 960) Tool: armlink [4d3601]

==============================================================================

Section Cross References

    lab10.o(MyCode) refers to start.o(Start) for Startup
    lab10.o(MyCode) refers to lab10.o(MyData) for RunStopWatch
    lab10.o(MyCode) refers to lab10.o(MyConst) for NamePrompt
    lab10.o(RESET) refers to start.o(.ARM.__at_0x1FFFFC00) for __initial_sp
    lab10.o(RESET) refers to lab10.o(MyCode) for Reset_Handler
    lab10.o(RESET) refers to start.o(Start) for Dummy_Handler


==============================================================================

Image Symbol Table

    Local Symbols

    Symbol Name                              Value     Ov Type        Size  Object(Section)

    RESET                                    0x00000000   Section      192  lab10.o(RESET)
    MKL05Z4.s                                0x00000000   Number         0  mkl05z4.o ABSOLUTE
    Start.s                                  0x00000000   Number         0  start.o ABSOLUTE
    lab10.s                                  0x00000000   Number         0  lab10.o ABSOLUTE
    .ARM.__at_0xC0                           0x000000c0   Section       64  start.o(.ARM.__at_0xC0)
    Start                                    0x00000100   Section      196  start.o(Start)
    SystemInit                               0x0000010f   Thumb Code    54  start.o(Start)
    SetClock48MHz                            0x00000145   Thumb Code    82  start.o(Start)
    MyConst                                  0x000001c4   Section      108  lab10.o(MyConst)
    NamePrompt                               0x000001c4   Data          17  lab10.o(MyConst)
    DatePrompt                               0x000001d8   Data          16  lab10.o(MyConst)
    TAPrompt                                 0x000001e8   Data          37  lab10.o(MyConst)
    Goodbye                                  0x00000210   Data          20  lab10.o(MyConst)
    TimeUnit                                 0x00000224   Data          10  lab10.o(MyConst)
    .ARM.__at_0x400                          0x00000400   Section       16  start.o(.ARM.__at_0x400)
    MyCode                                   0x00000410   Section     1328  lab10.o(MyCode)
    Init_PIT_IRQ                             0x00000585   Thumb Code    58  lab10.o(MyCode)
    PIT_ISR                                  0x000005bf   Thumb Code    26  lab10.o(MyCode)
    UART0_ISR                                0x000005d9   Thumb Code    78  lab10.o(MyCode)
    InitQueue                                0x00000627   Thumb Code    22  lab10.o(MyCode)
    Dequeue                                  0x0000063d   Thumb Code    68  lab10.o(MyCode)
    Enqueue                                  0x00000681   Thumb Code    88  lab10.o(MyCode)
    Init_UART0_IRQ                           0x00000713   Thumb Code   154  lab10.o(MyCode)
    GetChar                                  0x000007ad   Thumb Code    16  lab10.o(MyCode)
    PutChar                                  0x000007bd   Thumb Code    22  lab10.o(MyCode)
    GetStringSB                              0x000007d3   Thumb Code    48  lab10.o(MyCode)
    PutStringSB                              0x00000803   Thumb Code    28  lab10.o(MyCode)
    PutNumU                                  0x0000081f   Thumb Code    58  lab10.o(MyCode)
    DIVU                                     0x00000859   Thumb Code    64  lab10.o(MyCode)
    AdvanceCursor                            0x00000899   Thumb Code    16  lab10.o(MyCode)
    .ARM.__at_0x1FFFFC00                     0x1ffffc00   Section      256  start.o(.ARM.__at_0x1FFFFC00)
    MyData                                   0x1ffffd00   Section      320  lab10.o(MyData)
    RunStopWatch                             0x1ffffd00   Data           1  lab10.o(MyData)
    Count                                    0x1ffffd04   Data           4  lab10.o(MyData)
    InputString                              0x1ffffd08   Data          79  lab10.o(MyData)
    RxQBuffer                                0x1ffffd58   Data           4  lab10.o(MyData)
    RxQRecord                                0x1ffffd5c   Data          18  lab10.o(MyData)
    TxQBuffer                                0x1ffffd70   Data           4  lab10.o(MyData)
    TxQRecord                                0x1ffffd74   Data          18  lab10.o(MyData)
    StringBuffer                             0x1ffffda0   Data          79  lab10.o(MyData)
    StringReversal                           0x1ffffdef   Data          79  lab10.o(MyData)

    Global Symbols

    Symbol Name                              Value     Ov Type        Size  Object(Section)

    BuildAttributes$$THM_ISAv3M$S$PE$A:L22$X:L11$S22$IEEE1$IW$USESV6$~STKCKD$USESV7$~SHL$OSPACE$EBA8$STANDARDLIB$EABIv2 0x00000000   Number         0  anon$$obj.o ABSOLUTE
    __Vectors                                0x00000000   Data           0  lab10.o(RESET)
    __Vectors_End                            0x000000c0   Data           0  lab10.o(RESET)
    __Vectors_Size                           0x000000c0   Number         0  lab10.o ABSOLUTE
    Startup                                  0x00000101   Thumb Code    14  start.o(Start)
    Dummy_Handler                            0x00000199   Thumb Code     2  start.o(Start)
    HardFault_Handler                        0x00000199   Thumb Code     0  start.o(Start)
    Reset_Handler                            0x00000411   Thumb Code   262  lab10.o(MyCode)
    __initial_sp                             0x1ffffd00   Data           0  start.o(.ARM.__at_0x1FFFFC00)



==============================================================================

Memory Map of the image

  Image Entry point : 0x00000411

  Load Region LR_1 (Base: 0x00000000, Size: 0x00000b80, Max: 0xffffffff, ABSOLUTE)

    Execution Region ER_RO (Exec base: 0x00000000, Load base: 0x00000000, Size: 0x00000940, Max: 0xffffffff, ABSOLUTE)

    Exec Addr    Load Addr    Size         Type   Attr      Idx    E Section Name        Object

    0x00000000   0x00000000   0x000000c0   Data   RO            2    RESET               lab10.o
    0x000000c0   0x000000c0   0x00000040   Data   RO           11    .ARM.__at_0xC0      start.o
    0x00000100   0x00000100   0x000000c4   Code   RO           10    Start               start.o
    0x000001c4   0x000001c4   0x0000006c   Data   RO            3    MyConst             lab10.o
    0x00000230   0x00000230   0x000001d0   PAD
    0x00000400   0x00000400   0x00000010   Code   RO           12    .ARM.__at_0x400     start.o
    0x00000410   0x00000410   0x00000530   Code   RO            1  * MyCode              lab10.o


    Execution Region ER_RW (Exec base: 0x1ffffc00, Load base: 0x00000940, Size: 0x00000240, Max: 0xffffffff, ABSOLUTE)

    Exec Addr    Load Addr    Size         Type   Attr      Idx    E Section Name        Object

    0x1ffffc00   0x00000940   0x00000100   Data   RW           13    .ARM.__at_0x1FFFFC00  start.o
    0x1ffffd00   0x00000a40   0x00000140   Data   RW            4    MyData              lab10.o


    Execution Region ER_ZI (Exec base: 0x1ffffe40, Load base: 0x00000b80, Size: 0x00000000, Max: 0xffffffff, ABSOLUTE)

    **** No section assigned to this execution region ****


==============================================================================

Image component sizes


      Code (inc. data)   RO Data    RW Data    ZI Data      Debug   Object Name

      1328        262        300        320          0       1628   lab10.o
       212         60         64        256          0        848   start.o

    ----------------------------------------------------------------------
      1540        322        828        576          0       2476   Object Totals
         0          0          0          0          0          0   (incl. Generated)
         0          0        464          0          0          0   (incl. Padding)

    ----------------------------------------------------------------------
         0          0          0          0          0          0   Library Totals
         0          0          0          0          0          0   (incl. Padding)

    ----------------------------------------------------------------------

==============================================================================


      Code (inc. data)   RO Data    RW Data    ZI Data      Debug   

      1540        322        828        576          0       2372   Grand Totals
      1540        322        828        576          0       2372   ELF Image Totals
      1540        322        828        576          0          0   ROM Totals

==============================================================================

    Total RO  Size (Code + RO Data)                 2368 (   2.31kB)
    Total RW  Size (RW Data + ZI Data)               576 (   0.56kB)
    Total ROM Size (Code + RO Data + RW Data)       2944 (   2.88kB)

==============================================================================

