<!doctype html public "-//w3c//dtd html 4.0 transitional//en">
<html><head>
<title>Static Call Graph - [.\Objects\Lab 4.axf]</title></head>
<body><HR>
<H1>Static Call Graph for image .\Objects\Lab 4.axf</H1><HR>
<BR><P>#&#060CALLGRAPH&#062# ARM Linker, 5060960: Last Updated: Thu Feb 25 21:16:16 2021
<BR><P>
<H3>Maximum Stack Usage =          0 bytes + Unknown(Untraceable Function Pointers)</H3><H3>
Call chain for Maximum Stack Depth:</H3>

<P>
<H3>
Function Pointers
</H3><UL>
 <LI><a href="#[1]">Reset_Handler</a> from lab 4.o(MyCode) referenced from lab 4.o(RESET)
</UL>
<P>
<H3>
Global Symbols
</H3>
<P><STRONG><a name="[4]"></a>InitData</STRONG> (Thumb, 6 bytes, Stack size 0 bytes, exercise04_lib.o(Exercise04_Lib))
<BR><BR>[Called By]<UL><LI><a href="#[1]">&gt;&gt;</a>&nbsp;&nbsp;&nbsp;Reset_Handler
</UL>

<P><STRONG><a name="[5]"></a>LoadData</STRONG> (Thumb, 38 bytes, Stack size 0 bytes, exercise04_lib.o(Exercise04_Lib))
<BR><BR>[Called By]<UL><LI><a href="#[1]">&gt;&gt;</a>&nbsp;&nbsp;&nbsp;Reset_Handler
</UL>

<P><STRONG><a name="[6]"></a>TestData</STRONG> (Thumb, 44 bytes, Stack size 0 bytes, exercise04_lib.o(Exercise04_Lib))
<BR><BR>[Called By]<UL><LI><a href="#[1]">&gt;&gt;</a>&nbsp;&nbsp;&nbsp;Reset_Handler
</UL>

<P><STRONG><a name="[1]"></a>Reset_Handler</STRONG> (Thumb, 44 bytes, Stack size 0 bytes, lab 4.o(MyCode))
<BR><BR>[Calls]<UL><LI><a href="#[6]">&gt;&gt;</a>&nbsp;&nbsp;&nbsp;TestData
<LI><a href="#[5]">&gt;&gt;</a>&nbsp;&nbsp;&nbsp;LoadData
<LI><a href="#[4]">&gt;&gt;</a>&nbsp;&nbsp;&nbsp;InitData
<LI><a href="#[3]">&gt;&gt;</a>&nbsp;&nbsp;&nbsp;DIVU
<LI><a href="#[2]">&gt;&gt;</a>&nbsp;&nbsp;&nbsp;RegInit
</UL>
<P>
<H3>
Local Symbols
</H3>
<P><STRONG><a name="[2]"></a>RegInit</STRONG> (Thumb, 46 bytes, Stack size 0 bytes, lab 4.o(MyCode))
<BR><BR>[Called By]<UL><LI><a href="#[1]">&gt;&gt;</a>&nbsp;&nbsp;&nbsp;Reset_Handler
</UL>

<P><STRONG><a name="[3]"></a>DIVU</STRONG> (Thumb, 64 bytes, Stack size 0 bytes, lab 4.o(MyCode))
<BR><BR>[Called By]<UL><LI><a href="#[1]">&gt;&gt;</a>&nbsp;&nbsp;&nbsp;Reset_Handler
</UL>
<P>
<H3>
Undefined Global Symbols
</H3><HR></body></html>
