Component: ARM Compiler 5.06 update 6 (build 750) Tool: armlink [4d35ed]

==============================================================================

Section Cross References

    lab3.o(MyCode) refers to lab3.o(MyData) for P
    lab3.o(MyCode) refers to lab3.o(MyConst) for const_F
    lab3.o(RESET) refers to lab3.o(.ARM.__at_0x1FFFFC00) for __initial_sp
    lab3.o(RESET) refers to lab3.o(MyCode) for Reset_Handler


==============================================================================

Image Symbol Table

    Local Symbols

    Symbol Name                              Value     Ov Type        Size  Object(Section)

    RESET                                    0x00000000   Section      192  lab3.o(RESET)
    Lab3.s                                   0x00000000   Number         0  lab3.o ABSOLUTE
    MyCode                                   0x000000c0   Section      232  lab3.o(MyCode)
    RegInit                                  0x00000153   Thumb Code    46  lab3.o(MyCode)
    MyConst                                  0x000001a8   Section        8  lab3.o(MyConst)
    const_F                                  0x000001a8   Data           4  lab3.o(MyConst)
    const_G                                  0x000001ac   Data           4  lab3.o(MyConst)
    .ARM.__at_0x1FFFFC00                     0x1ffffc00   Section      256  lab3.o(.ARM.__at_0x1FFFFC00)
    MyData                                   0x1ffffd00   Section       20  lab3.o(MyData)
    F                                        0x1ffffd00   Data           4  lab3.o(MyData)
    G                                        0x1ffffd04   Data           4  lab3.o(MyData)
    P                                        0x1ffffd08   Data           4  lab3.o(MyData)
    Q                                        0x1ffffd0c   Data           4  lab3.o(MyData)
    Result                                   0x1ffffd10   Data           4  lab3.o(MyData)

    Global Symbols

    Symbol Name                              Value     Ov Type        Size  Object(Section)

    BuildAttributes$$THM_ISAv3M$S$PE$A:L22$X:L11$S22$IEEE1$IW$USESV6$~STKCKD$USESV7$~SHL$OSPACE$EBA8$STANDARDLIB$EABIv2 0x00000000   Number         0  anon$$obj.o ABSOLUTE
    __Vectors                                0x00000000   Data           0  lab3.o(RESET)
    Reset_Handler                            0x000000c1   Thumb Code   146  lab3.o(MyCode)
    __Vectors_End                            0x000000c0   Data           0  lab3.o(RESET)
    __Vectors_Size                           0x000000c0   Number         0  lab3.o ABSOLUTE
    __initial_sp                             0x1ffffd00   Data           0  lab3.o(.ARM.__at_0x1FFFFC00)



==============================================================================

Memory Map of the image

  Image Entry point : 0x000000c1

  Load Region LR_IROM1 (Base: 0x00000000, Size: 0x000002c4, Max: 0x00008000, ABSOLUTE)

    Execution Region ER_IROM1 (Exec base: 0x00000000, Load base: 0x00000000, Size: 0x000001b0, Max: 0x00008000, ABSOLUTE)

    Exec Addr    Load Addr    Size         Type   Attr      Idx    E Section Name        Object

    0x00000000   0x00000000   0x000000c0   Data   RO            2    RESET               lab3.o
    0x000000c0   0x000000c0   0x000000e8   Code   RO            1  * MyCode              lab3.o
    0x000001a8   0x000001a8   0x00000008   Data   RO            3    MyConst             lab3.o


    Execution Region RW_IRAM1 (Exec base: 0x1ffffc00, Load base: 0x000001b0, Size: 0x00000114, Max: 0x00001000, ABSOLUTE)

    Exec Addr    Load Addr    Size         Type   Attr      Idx    E Section Name        Object

    0x1ffffc00   0x000001b0   0x00000100   Data   RW            4    .ARM.__at_0x1FFFFC00  lab3.o
    0x1ffffd00   0x000002b0   0x00000014   Data   RW            5    MyData              lab3.o


==============================================================================

Image component sizes


      Code (inc. data)   RO Data    RW Data    ZI Data      Debug   Object Name

       232         40        200        276          0        456   lab3.o

    ----------------------------------------------------------------------
       232         40        200        276          0        456   Object Totals
         0          0          0          0          0          0   (incl. Generated)
         0          0          0          0          0          0   (incl. Padding)

    ----------------------------------------------------------------------
         0          0          0          0          0          0   Library Totals
         0          0          0          0          0          0   (incl. Padding)

    ----------------------------------------------------------------------

==============================================================================


      Code (inc. data)   RO Data    RW Data    ZI Data      Debug   

       232         40        200        276          0        456   Grand Totals
       232         40        200        276          0        456   ELF Image Totals
       232         40        200        276          0          0   ROM Totals

==============================================================================

    Total RO  Size (Code + RO Data)                  432 (   0.42kB)
    Total RW  Size (RW Data + ZI Data)               276 (   0.27kB)
    Total ROM Size (Code + RO Data + RW Data)        708 (   0.69kB)

==============================================================================

