Component: ARM Compiler 5.06 update 7 (build 960) Tool: armlink [4d3601]

==============================================================================

Section Cross References

    lab 9.o(MyCode) refers to start.o(Start) for Startup
    lab 9.o(MyCode) refers to lab 9.o(MyData) for QBuffer
    lab 9.o(MyCode) refers to lab 9.o(MyConst) for Prompt
    lab 9.o(RESET) refers to start.o(.ARM.__at_0x1FFFFC00) for __initial_sp
    lab 9.o(RESET) refers to lab 9.o(MyCode) for Reset_Handler
    lab 9.o(RESET) refers to start.o(Start) for Dummy_Handler


==============================================================================

Image Symbol Table

    Local Symbols

    Symbol Name                              Value     Ov Type        Size  Object(Section)

    RESET                                    0x00000000   Section      192  lab 9.o(RESET)
    Lab 9.s                                  0x00000000   Number         0  lab 9.o ABSOLUTE
    MKL05Z4.s                                0x00000000   Number         0  mkl05z4.o ABSOLUTE
    Start.s                                  0x00000000   Number         0  start.o ABSOLUTE
    .ARM.__at_0xC0                           0x000000c0   Section       64  start.o(.ARM.__at_0xC0)
    Start                                    0x00000100   Section      196  start.o(Start)
    SystemInit                               0x0000010f   Thumb Code    54  start.o(Start)
    SetClock48MHz                            0x00000145   Thumb Code    82  start.o(Start)
    MyConst                                  0x000001c4   Section      200  lab 9.o(MyConst)
    Prompt                                   0x000001c4   Data          39  lab 9.o(MyConst)
    EnqueuePrompt                            0x000001ec   Data          23  lab 9.o(MyConst)
    HelpString                               0x00000204   Data          58  lab 9.o(MyConst)
    Success                                  0x00000240   Data          10  lab 9.o(MyConst)
    Failure                                  0x0000024c   Data          10  lab 9.o(MyConst)
    Status                                   0x00000258   Data          10  lab 9.o(MyConst)
    In                                       0x00000264   Data           6  lab 9.o(MyConst)
    Out                                      0x0000026c   Data           7  lab 9.o(MyConst)
    Num                                      0x00000274   Data           6  lab 9.o(MyConst)
    Spaces                                   0x0000027c   Data           4  lab 9.o(MyConst)
    Spaces_DQ                                0x00000280   Data          11  lab 9.o(MyConst)
    .ARM.__at_0x400                          0x00000400   Section       16  start.o(.ARM.__at_0x400)
    MyCode                                   0x00000410   Section     1392  lab 9.o(MyCode)
    UART0_ISR                                0x00000595   Thumb Code    78  lab 9.o(MyCode)
    InitQueue                                0x00000663   Thumb Code    22  lab 9.o(MyCode)
    Dequeue                                  0x00000679   Thumb Code    68  lab 9.o(MyCode)
    Enqueue                                  0x000006bd   Thumb Code    88  lab 9.o(MyCode)
    PutNumHex                                0x00000715   Thumb Code    44  lab 9.o(MyCode)
    Init_UART0_IRQ                           0x0000074f   Thumb Code   154  lab 9.o(MyCode)
    GetChar                                  0x000007e9   Thumb Code    16  lab 9.o(MyCode)
    PutChar                                  0x000007f9   Thumb Code    22  lab 9.o(MyCode)
    PutStringSB                              0x0000083f   Thumb Code    28  lab 9.o(MyCode)
    PutNumU                                  0x0000085b   Thumb Code    58  lab 9.o(MyCode)
    DIVU                                     0x00000895   Thumb Code    64  lab 9.o(MyCode)
    AdvanceCursor                            0x000008d5   Thumb Code    16  lab 9.o(MyCode)
    .ARM.__at_0x1FFFFC00                     0x1ffffc00   Section      256  start.o(.ARM.__at_0x1FFFFC00)
    MyData                                   0x1ffffd00   Section      460  lab 9.o(MyData)
    RxQBuffer                                0x1ffffd00   Data          80  lab 9.o(MyData)
    RxQRecord                                0x1ffffd50   Data          18  lab 9.o(MyData)
    TxQBuffer                                0x1ffffd64   Data          80  lab 9.o(MyData)
    TxQRecord                                0x1ffffdb4   Data          18  lab 9.o(MyData)
    QBuffer                                  0x1ffffdc8   Data          80  lab 9.o(MyData)
    QRecord                                  0x1ffffe18   Data          18  lab 9.o(MyData)
    StringReversal                           0x1ffffe7b   Data          79  lab 9.o(MyData)

    Global Symbols

    Symbol Name                              Value     Ov Type        Size  Object(Section)

    BuildAttributes$$THM_ISAv3M$S$PE$A:L22$X:L11$S22$IEEE1$IW$USESV6$~STKCKD$USESV7$~SHL$OSPACE$EBA8$STANDARDLIB$EABIv2 0x00000000   Number         0  anon$$obj.o ABSOLUTE
    __Vectors                                0x00000000   Data           0  lab 9.o(RESET)
    __Vectors_End                            0x000000c0   Data           0  lab 9.o(RESET)
    __Vectors_Size                           0x000000c0   Number         0  lab 9.o ABSOLUTE
    Startup                                  0x00000101   Thumb Code    14  start.o(Start)
    Dummy_Handler                            0x00000199   Thumb Code     2  start.o(Start)
    HardFault_Handler                        0x00000199   Thumb Code     0  start.o(Start)
    Reset_Handler                            0x00000411   Thumb Code   308  lab 9.o(MyCode)
    __initial_sp                             0x1ffffd00   Data           0  start.o(.ARM.__at_0x1FFFFC00)



==============================================================================

Memory Map of the image

  Image Entry point : 0x00000411

  Load Region LR_1 (Base: 0x00000000, Size: 0x00000c4c, Max: 0xffffffff, ABSOLUTE)

    Execution Region ER_RO (Exec base: 0x00000000, Load base: 0x00000000, Size: 0x00000980, Max: 0xffffffff, ABSOLUTE)

    Exec Addr    Load Addr    Size         Type   Attr      Idx    E Section Name        Object

    0x00000000   0x00000000   0x000000c0   Data   RO            2    RESET               lab 9.o
    0x000000c0   0x000000c0   0x00000040   Data   RO           11    .ARM.__at_0xC0      start.o
    0x00000100   0x00000100   0x000000c4   Code   RO           10    Start               start.o
    0x000001c4   0x000001c4   0x000000c8   Data   RO            3    MyConst             lab 9.o
    0x0000028c   0x0000028c   0x00000174   PAD
    0x00000400   0x00000400   0x00000010   Code   RO           12    .ARM.__at_0x400     start.o
    0x00000410   0x00000410   0x00000570   Code   RO            1  * MyCode              lab 9.o


    Execution Region ER_RW (Exec base: 0x1ffffc00, Load base: 0x00000980, Size: 0x000002cc, Max: 0xffffffff, ABSOLUTE)

    Exec Addr    Load Addr    Size         Type   Attr      Idx    E Section Name        Object

    0x1ffffc00   0x00000980   0x00000100   Data   RW           13    .ARM.__at_0x1FFFFC00  start.o
    0x1ffffd00   0x00000a80   0x000001cc   Data   RW            4    MyData              lab 9.o


    Execution Region ER_ZI (Exec base: 0x1ffffecc, Load base: 0x00000c4c, Size: 0x00000000, Max: 0xffffffff, ABSOLUTE)

    **** No section assigned to this execution region ****


==============================================================================

Image component sizes


      Code (inc. data)   RO Data    RW Data    ZI Data      Debug   Object Name

      1392        236        392        460          0       1572   lab 9.o
       212         60         64        256          0        848   start.o

    ----------------------------------------------------------------------
      1604        296        828        716          0       2420   Object Totals
         0          0          0          0          0          0   (incl. Generated)
         0          0        372          0          0          0   (incl. Padding)

    ----------------------------------------------------------------------
         0          0          0          0          0          0   Library Totals
         0          0          0          0          0          0   (incl. Padding)

    ----------------------------------------------------------------------

==============================================================================


      Code (inc. data)   RO Data    RW Data    ZI Data      Debug   

      1604        296        828        716          0       2316   Grand Totals
      1604        296        828        716          0       2316   ELF Image Totals
      1604        296        828        716          0          0   ROM Totals

==============================================================================

    Total RO  Size (Code + RO Data)                 2432 (   2.38kB)
    Total RW  Size (RW Data + ZI Data)               716 (   0.70kB)
    Total ROM Size (Code + RO Data + RW Data)       3148 (   3.07kB)

==============================================================================

