Component: ARM Compiler 5.06 update 7 (build 960) Tool: armlink [4d3601]

==============================================================================

Section Cross References

    lab 6.o(MyCode) refers to start.o(Start) for Startup
    lab 6.o(MyCode) refers to exercise06_lib.o(Exercise06_Lib) for LengthStringSB
    lab 6.o(MyCode) refers to lab 6.o(MyConst) for PROMPT
    lab 6.o(MyCode) refers to lab 6.o(MyData) for StringBuffer
    lab 6.o(RESET) refers to start.o(.ARM.__at_0x1FFFFC00) for __initial_sp
    lab 6.o(RESET) refers to lab 6.o(MyCode) for Reset_Handler
    lab 6.o(RESET) refers to start.o(Start) for Dummy_Handler


==============================================================================

Image Symbol Table

    Local Symbols

    Symbol Name                              Value     Ov Type        Size  Object(Section)

    RESET                                    0x00000000   Section      192  lab 6.o(RESET)
    Exercise06_Lib.s                         0x00000000   Number         0  exercise06_lib.o ABSOLUTE
    Lab 6.s                                  0x00000000   Number         0  lab 6.o ABSOLUTE
    MKL05Z4.s                                0x00000000   Number         0  mkl05z4.o ABSOLUTE
    Start.s                                  0x00000000   Number         0  start.o ABSOLUTE
    dc.s                                     0x00000000   Number         0  dc.o ABSOLUTE
    .ARM.__at_0xC0                           0x000000c0   Section       64  start.o(.ARM.__at_0xC0)
    Exercise06_Lib                           0x00000100   Section       26  exercise06_lib.o(Exercise06_Lib)
    MyCode                                   0x0000011c   Section      596  lab 6.o(MyCode)
    Init_UART0_Polling                       0x000001bb   Thumb Code   108  lab 6.o(MyCode)
    GetChar                                  0x00000227   Thumb Code    18  lab 6.o(MyCode)
    PutChar                                  0x00000239   Thumb Code    18  lab 6.o(MyCode)
    GetStringSB                              0x0000024b   Thumb Code    48  lab 6.o(MyCode)
    PutStringSB                              0x0000027b   Thumb Code    28  lab 6.o(MyCode)
    PutNumU                                  0x00000297   Thumb Code    58  lab 6.o(MyCode)
    DIVU                                     0x000002d1   Thumb Code    64  lab 6.o(MyCode)
    AdvanceCursor                            0x00000311   Thumb Code    16  lab 6.o(MyCode)
    MyConst                                  0x00000370   Section       52  lab 6.o(MyConst)
    PROMPT                                   0x00000370   Data          37  lab 6.o(MyConst)
    LENGTH                                   0x00000398   Data           9  lab 6.o(MyConst)
    .ARM.__at_0x400                          0x00000400   Section       16  start.o(.ARM.__at_0x400)
    Start                                    0x00000410   Section      196  start.o(Start)
    SystemInit                               0x0000041f   Thumb Code    54  start.o(Start)
    SetClock48MHz                            0x00000455   Thumb Code    82  start.o(Start)
    .ARM.__at_0x1FFFFC00                     0x1ffffc00   Section      256  start.o(.ARM.__at_0x1FFFFC00)
    MyData                                   0x1ffffd00   Section      160  lab 6.o(MyData)
    StringBuffer                             0x1ffffd00   Data          79  lab 6.o(MyData)
    StringReversal                           0x1ffffd4f   Data          79  lab 6.o(MyData)

    Global Symbols

    Symbol Name                              Value     Ov Type        Size  Object(Section)

    BuildAttributes$$THM_ISAv3M$S$PE$A:L22$X:L11$S22$IEEE1$IW$USESV6$~STKCKD$USESV7$~SHL$OSPACE$ROPI$EBA8$STANDARDLIB$EABIv2 0x00000000   Number         0  anon$$obj.o ABSOLUTE
    __Vectors                                0x00000000   Data           0  lab 6.o(RESET)
    __Vectors_End                            0x000000c0   Data           0  lab 6.o(RESET)
    __Vectors_Size                           0x000000c0   Number         0  lab 6.o ABSOLUTE
    LengthStringSB                           0x00000101   Thumb Code    26  exercise06_lib.o(Exercise06_Lib)
    Reset_Handler                            0x0000011d   Thumb Code   158  lab 6.o(MyCode)
    Startup                                  0x00000411   Thumb Code    14  start.o(Start)
    Dummy_Handler                            0x000004a9   Thumb Code     2  start.o(Start)
    HardFault_Handler                        0x000004a9   Thumb Code     0  start.o(Start)
    __initial_sp                             0x1ffffd00   Data           0  start.o(.ARM.__at_0x1FFFFC00)



==============================================================================

Memory Map of the image

  Image Entry point : 0x0000011d

  Load Region LR_1 (Base: 0x00000000, Size: 0x00000674, Max: 0xffffffff, ABSOLUTE)

    Execution Region ER_RO (Exec base: 0x00000000, Load base: 0x00000000, Size: 0x000004d4, Max: 0xffffffff, ABSOLUTE)

    Exec Addr    Load Addr    Size         Type   Attr      Idx    E Section Name        Object

    0x00000000   0x00000000   0x000000c0   Data   RO            2    RESET               lab 6.o
    0x000000c0   0x000000c0   0x00000040   Data   RO           11    .ARM.__at_0xC0      start.o
    0x00000100   0x00000100   0x0000001a   Code   RO           19    Exercise06_Lib      Exercise06_Lib.lib(exercise06_lib.o)
    0x0000011a   0x0000011a   0x00000002   PAD
    0x0000011c   0x0000011c   0x00000254   Code   RO            1  * MyCode              lab 6.o
    0x00000370   0x00000370   0x00000034   Data   RO            3    MyConst             lab 6.o
    0x000003a4   0x000003a4   0x0000005c   PAD
    0x00000400   0x00000400   0x00000010   Code   RO           12    .ARM.__at_0x400     start.o
    0x00000410   0x00000410   0x000000c4   Code   RO           10    Start               start.o


    Execution Region ER_RW (Exec base: 0x1ffffc00, Load base: 0x000004d4, Size: 0x000001a0, Max: 0xffffffff, ABSOLUTE)

    Exec Addr    Load Addr    Size         Type   Attr      Idx    E Section Name        Object

    0x1ffffc00   0x000004d4   0x00000100   Data   RW           13    .ARM.__at_0x1FFFFC00  start.o
    0x1ffffd00   0x000005d4   0x000000a0   Data   RW            4    MyData              lab 6.o


    Execution Region ER_ZI (Exec base: 0x1ffffda0, Load base: 0x00000674, Size: 0x00000000, Max: 0xffffffff, ABSOLUTE)

    **** No section assigned to this execution region ****


==============================================================================

Image component sizes


      Code (inc. data)   RO Data    RW Data    ZI Data      Debug   Object Name

       596         80        244        160          0       1068   lab 6.o
       212         60         64        256          0        848   start.o

    ----------------------------------------------------------------------
       808        140        400        416          0       1916   Object Totals
         0          0          0          0          0          0   (incl. Generated)
         0          0         92          0          0          0   (incl. Padding)

    ----------------------------------------------------------------------

      Code (inc. data)   RO Data    RW Data    ZI Data      Debug   Library Member Name

        26          0          0          0          0         68   exercise06_lib.o

    ----------------------------------------------------------------------
        28          0          0          0          0         68   Library Totals
         2          0          0          0          0          0   (incl. Padding)

    ----------------------------------------------------------------------

      Code (inc. data)   RO Data    RW Data    ZI Data      Debug   Library Name

        26          0          0          0          0         68   Exercise06_Lib.lib

    ----------------------------------------------------------------------
        28          0          0          0          0         68   Library Totals

    ----------------------------------------------------------------------

==============================================================================


      Code (inc. data)   RO Data    RW Data    ZI Data      Debug   

       836        140        400        416          0       1828   Grand Totals
       836        140        400        416          0       1828   ELF Image Totals
       836        140        400        416          0          0   ROM Totals

==============================================================================

    Total RO  Size (Code + RO Data)                 1236 (   1.21kB)
    Total RW  Size (RW Data + ZI Data)               416 (   0.41kB)
    Total ROM Size (Code + RO Data + RW Data)       1652 (   1.61kB)

==============================================================================

