<html>
<body>
<pre>
<h1>µVision Build Log</h1>
<h2>Tool Versions:</h2>
IDE-Version: µVision V5.24.2.0
Copyright (C) 2017 ARM Ltd and ARM Germany GmbH. All rights reserved.
License Information: Roy Melton RIT Flex license: MDK-ARM Professional: 200 user(s) (mdk_pro) Operation stops: 9 Jul 2021
 
Tool Versions:
Toolchain:       MDK-ARM Professional: 200 user(s)  Version: 5.24.1
Toolchain Path:  C:\Keil_v5\ARM\ARMCC\Bin
C Compiler:      Armcc.exe V5.06 update 5 (build 528)
Assembler:       Armasm.exe V5.06 update 5 (build 528)
Linker/Locator:  ArmLink.exe V5.06 update 5 (build 528)
Library Manager: ArmAr.exe V5.06 update 5 (build 528)
Hex Converter:   FromElf.exe V5.06 update 5 (build 528)
CPU DLL:         SARMCM3.DLL V5.24.1
Dialog DLL:      DARMCM1.DLL V1.18.0.0
Target DLL:      CMSIS_AGDI.dll V1.28.3.0
Dialog DLL:      TARMCM1.DLL V1.13.0.0
 
<h2>Project:</h2>
Z:\Class\250\20205\Lab\Exercise08\Exercise08_C_Project_Extra_Credit\Exercise08_C_Project_Extra_Credit.uvprojx
Project File Date:  03/10/2021

<h2>Output:</h2>
*** Using Compiler 'V5.06 update 5 (build 528)', folder: 'C:\Keil_v5\ARM\ARMCC\Bin'
Rebuild target 'Target 1'
assembling startup_MKL05Z4.s...
compiling main.c...
main.c(90): warning:  #1293-D: assignment in condition
    if (NoError = GetStringSB ((char *) String, 
AX_HEX_STRING)) {
main.c: 1 warning, 0 errors
compiling system_MKL05Z4.c...
compiling Custom_IO.c...
Warning: C9529W: Failed to move or copy license cache file from C:\Users\rwmeec\AppData\Local\Temp\Cache.mdkpro5.0201701V2009950c42670a9521814009a.liccache.5428 to C:\Users\rwmeec\AppData\Local\Temp\Cache.mdkpro5.0201701V2009950c42670a9521814009a.liccache. Error 5: 
Custom_IO.c(171): warning:  #1293-D: assignment in condition
      if (Character = *(String++)) {
Custom_IO.c: 1 warning, 0 errors
compiling UART0_Polling.c...
linking...
Program Size: Code=1436 RO-data=368 RW-data=0 ZI-data=352  
".\Objects\Exercise08_C_Project_Extra_Credit.axf" - 0 Error(s), 2 Warning(s).

<h2>Software Packages used:</h2>

Package Vendor: ARM
                http://www.keil.com/pack/ARM.CMSIS.5.7.0.pack
                ARM.CMSIS.5.7.0
                CMSIS (Cortex Microcontroller Software Interface Standard)
   * Component: CORE Version: 5.4.0

Package Vendor: Keil
                http://www.keil.com/pack/Keil.Kinetis_KLxx_DFP.1.14.0.pack
                Keil.Kinetis_KLxx_DFP.1.14.0
                NXP Kinetis KLxx Series Device Support and Examples
   * Component: Startup Version: 1.0.0

<h2>Collection of Component include folders:</h2>
  .\RTE\_Target_1
  C:\Keil_v5\ARM\PACK\ARM\CMSIS\5.7.0\CMSIS\Core\Include
  C:\Keil_v5\ARM\PACK\Keil\Kinetis_KLxx_DFP\1.14.0\Device\Include

<h2>Collection of Component Files used:</h2>

   * Component: Keil::Device:Startup:1.0.0
      Source file:   Device\Source\system_MKL05Z4.c
      Source file:   Device\Source\ARM\startup_MKL05Z4.s

   * Component: ARM::CMSIS:CORE:5.4.0
Build Time Elapsed:  00:00:00
</pre>
</body>
</html>
