Component: ARM Compiler 5.06 update 7 (build 960) Tool: armlink [4d3601]

==============================================================================

Section Cross References

    lab 5.o(MyCode) refers to start.o(Start) for Startup
    lab 5.o(MyCode) refers to exercise05_lib.o(Exercise04_Lib) for PutPrompt
    lab 5.o(RESET) refers to start.o(.ARM.__at_0x1FFFFC00) for __initial_sp
    lab 5.o(RESET) refers to lab 5.o(MyCode) for Reset_Handler
    lab 5.o(RESET) refers to start.o(Start) for Dummy_Handler
    exercise05_lib.o(Exercise04_Lib) refers to lab 5.o(MyCode) for PutChar


==============================================================================

Removing Unused input sections from the image.

    Removing lab 5.o(MyConst), (0 bytes).
    Removing lab 5.o(MyData), (0 bytes).

2 unused section(s) (total 0 bytes) removed from the image.

==============================================================================

Image Symbol Table

    Local Symbols

    Symbol Name                              Value     Ov Type        Size  Object(Section)

    RESET                                    0x00000000   Section      192  lab 5.o(RESET)
    Exercise05_Lib.s                         0x00000000   Number         0  exercise05_lib.o ABSOLUTE
    Start.s                                  0x00000000   Number         0  start.o ABSOLUTE
    dc.s                                     0x00000000   Number         0  dc.o ABSOLUTE
    lab 5.s                                  0x00000000   Number         0  lab 5.o ABSOLUTE
    .ARM.__at_0xC0                           0x000000c0   Section       64  start.o(.ARM.__at_0xC0)
    Exercise04_Lib                           0x00000100   Section      398  exercise05_lib.o(Exercise04_Lib)
    PutCRLF                                  0x000001f9   Thumb Code    10  exercise05_lib.o(Exercise04_Lib)
    PutString                                0x00000241   Thumb Code    24  exercise05_lib.o(Exercise04_Lib)
    MyCode                                   0x00000290   Section      284  lab 5.o(MyCode)
    Init_UART0_Polling                       0x000002eb   Thumb Code   108  lab 5.o(MyCode)
    GetChar                                  0x00000357   Thumb Code    18  lab 5.o(MyCode)
    .ARM.__at_0x400                          0x00000400   Section       16  start.o(.ARM.__at_0x400)
    Start                                    0x00000410   Section      196  start.o(Start)
    SystemInit                               0x0000041f   Thumb Code    54  start.o(Start)
    SetClock48MHz                            0x00000455   Thumb Code    82  start.o(Start)
    .ARM.__at_0x1FFFFC00                     0x1ffffc00   Section      256  start.o(.ARM.__at_0x1FFFFC00)

    Global Symbols

    Symbol Name                              Value     Ov Type        Size  Object(Section)

    BuildAttributes$$THM_ISAv3M$S$PE$A:L22$X:L11$S22$IEEE1$IW$USESV6$~STKCKD$USESV7$~SHL$OSPACE$ROPI$EBA8$STANDARDLIB$EABIv2 0x00000000   Number         0  anon$$obj.o ABSOLUTE
    __Vectors                                0x00000000   Data           0  lab 5.o(RESET)
    __Vectors_End                            0x000000c0   Data           0  lab 5.o(RESET)
    __Vectors_Size                           0x000000c0   Number         0  lab 5.o ABSOLUTE
    Carry                                    0x00000101   Thumb Code    18  exercise05_lib.o(Exercise04_Lib)
    Negative                                 0x00000159   Thumb Code    18  exercise05_lib.o(Exercise04_Lib)
    Overflow                                 0x000001af   Thumb Code    18  exercise05_lib.o(Exercise04_Lib)
    PutPrompt                                0x00000209   Thumb Code    10  exercise05_lib.o(Exercise04_Lib)
    Zero                                     0x0000025d   Thumb Code    18  exercise05_lib.o(Exercise04_Lib)
    Reset_Handler                            0x00000291   Thumb Code    90  lab 5.o(MyCode)
    PutChar                                  0x00000369   Thumb Code    18  lab 5.o(MyCode)
    Startup                                  0x00000411   Thumb Code    14  start.o(Start)
    Dummy_Handler                            0x000004a9   Thumb Code     2  start.o(Start)
    HardFault_Handler                        0x000004a9   Thumb Code     0  start.o(Start)
    __initial_sp                             0x1ffffd00   Data           0  start.o(.ARM.__at_0x1FFFFC00)



==============================================================================

Memory Map of the image

  Image Entry point : 0x00000291

  Load Region LR_1 (Base: 0x00000000, Size: 0x000005d4, Max: 0xffffffff, ABSOLUTE)

    Execution Region ER_RO (Exec base: 0x00000000, Load base: 0x00000000, Size: 0x000004d4, Max: 0xffffffff, ABSOLUTE)

    Exec Addr    Load Addr    Size         Type   Attr      Idx    E Section Name        Object

    0x00000000   0x00000000   0x000000c0   Data   RO            2    RESET               lab 5.o
    0x000000c0   0x000000c0   0x00000040   Data   RO           11    .ARM.__at_0xC0      start.o
    0x00000100   0x00000100   0x0000018e   Code   RO           19    Exercise04_Lib      Exercise05_Lib.lib(exercise05_lib.o)
    0x0000028e   0x0000028e   0x00000002   PAD
    0x00000290   0x00000290   0x0000011c   Code   RO            1  * MyCode              lab 5.o
    0x000003ac   0x000003ac   0x00000054   PAD
    0x00000400   0x00000400   0x00000010   Code   RO           12    .ARM.__at_0x400     start.o
    0x00000410   0x00000410   0x000000c4   Code   RO           10    Start               start.o


    Execution Region ER_RW (Exec base: 0x1ffffc00, Load base: 0x000004d4, Size: 0x00000100, Max: 0xffffffff, ABSOLUTE)

    Exec Addr    Load Addr    Size         Type   Attr      Idx    E Section Name        Object

    0x1ffffc00   0x000004d4   0x00000100   Data   RW           13    .ARM.__at_0x1FFFFC00  start.o


    Execution Region ER_ZI (Exec base: 0x1ffffd00, Load base: 0x000005d4, Size: 0x00000000, Max: 0xffffffff, ABSOLUTE)

    **** No section assigned to this execution region ****


==============================================================================

Image component sizes


      Code (inc. data)   RO Data    RW Data    ZI Data      Debug   Object Name

       284         50        192          0          0        708   lab 5.o
       212         60         64        256          0        848   start.o

    ----------------------------------------------------------------------
       580        194        256        256          0       1556   Object Totals
         0          0          0          0          0          0   (incl. Generated)
        84         84          0          0          0          0   (incl. Padding)

    ----------------------------------------------------------------------

      Code (inc. data)   RO Data    RW Data    ZI Data      Debug   Library Member Name

       398        282          0          0          0        164   exercise05_lib.o

    ----------------------------------------------------------------------
       400        284          0          0          0        164   Library Totals
         2          2          0          0          0          0   (incl. Padding)

    ----------------------------------------------------------------------

      Code (inc. data)   RO Data    RW Data    ZI Data      Debug   Library Name

       398        282          0          0          0        164   Exercise05_Lib.lib

    ----------------------------------------------------------------------
       400        284          0          0          0        164   Library Totals

    ----------------------------------------------------------------------

==============================================================================


      Code (inc. data)   RO Data    RW Data    ZI Data      Debug   

       980        478        256        256          0       1616   Grand Totals
       980        478        256        256          0       1616   ELF Image Totals
       980        478        256        256          0          0   ROM Totals

==============================================================================

    Total RO  Size (Code + RO Data)                 1236 (   1.21kB)
    Total RW  Size (RW Data + ZI Data)               256 (   0.25kB)
    Total ROM Size (Code + RO Data + RW Data)       1492 (   1.46kB)

==============================================================================

